
                                +----------------+
------------------------------ { Script And Files }  ------------------------------
                                +----------------+

	Script Log File : /home/admin/ONLabTest/TestON/logs/OnosPerf4nodes_21_Nov_2013_16_32_28/OnosPerf4nodes_21_Nov_2013_16_32_28.log
	Report Log File : /home/admin/ONLabTest/TestON/logs/OnosPerf4nodes_21_Nov_2013_16_32_28/OnosPerf4nodes_21_Nov_2013_16_32_28.rpt
	ONOS4 Session Log : /home/admin/ONLabTest/TestON/logs/OnosPerf4nodes_21_Nov_2013_16_32_28/ONOS4.session
	ONOS2 Session Log : /home/admin/ONLabTest/TestON/logs/OnosPerf4nodes_21_Nov_2013_16_32_28/ONOS2.session
	ONOS3 Session Log : /home/admin/ONLabTest/TestON/logs/OnosPerf4nodes_21_Nov_2013_16_32_28/ONOS3.session
	ONOS1 Session Log : /home/admin/ONLabTest/TestON/logs/OnosPerf4nodes_21_Nov_2013_16_32_28/ONOS1.session
	Cassandra1 Session Log : /home/admin/ONLabTest/TestON/logs/OnosPerf4nodes_21_Nov_2013_16_32_28/Cassandra1.session
	Cassandra2 Session Log : /home/admin/ONLabTest/TestON/logs/OnosPerf4nodes_21_Nov_2013_16_32_28/Cassandra2.session
	Cassandra3 Session Log : /home/admin/ONLabTest/TestON/logs/OnosPerf4nodes_21_Nov_2013_16_32_28/Cassandra3.session
	Cassandra4 Session Log : /home/admin/ONLabTest/TestON/logs/OnosPerf4nodes_21_Nov_2013_16_32_28/Cassandra4.session
	Zookeeper1 Session Log : /home/admin/ONLabTest/TestON/logs/OnosPerf4nodes_21_Nov_2013_16_32_28/Zookeeper1.session
	Mininet1 Session Log : /home/admin/ONLabTest/TestON/logs/OnosPerf4nodes_21_Nov_2013_16_32_28/Mininet1.session
	Mininet4 Session Log : /home/admin/ONLabTest/TestON/logs/OnosPerf4nodes_21_Nov_2013_16_32_28/Mininet4.session
	Test Script :/home/admin/ONLabTest/TestON/Tests/OnosPerf4nodes.py
	Test Params : /home/admin/ONLabTest/TestON/Tests/OnosPerf4nodes.params
	Topology : /home/admin/ONLabTest/TestON/Tests/OnosPerf4nodes.tpl
                              +------------------+
---------------------------  { Script Exec Params }  ---------------------------
                              +------------------+

	
	'CTRL': 
	'ip2': '10.128.100.4'
	 'ip3': '10.128.100.5'
	 'ip1': '10.128.100.1'
	 'ip4': '10.128.100.6'
	 'port4': '6633'
	 'port2': '6633'
	 'port3': '6633'
	 'port1': '6633'
	
	 'MN_size': '57'
	 'FLOWDEF': '~/flowdef_files/Center_Triangle/flowdef_20.txt'
	 'NR_Switches': '25'
	 'WaitTime': '60'
	 'TargetTime': '30'
	 'PING': 
	'source2': 'h7'
	 'source9': 'h14'
	 'source10': 'h15'
	 'source4': 'h9'
	 'source5': 'h10'
	 'target3': '10.0.0.18'
	 'target10': '10.0.0.25'
	 'source3': 'h8'
	 'source1': 'h6'
	 'source6': 'h11'
	 'source7': 'h12'
	 'target8': '10.0.0.23'
	 'target9': '10.0.0.24'
	 'target6': '10.0.0.21'
	 'target7': '10.0.0.22'
	 'target4': '10.0.0.19'
	 'target5': '10.0.0.20'
	 'target2': '10.0.0.17'
	 'source8': 'h13'
	 'target1': '10.0.0.16'
	
	 'NR_Links': '50'
	 'testcases': '1
	2
	3
	4
	5
	6
	7
	4
	8
	7
	4
	9
	7'
	 'RestIP': '10.128.100.4'
	 'Iterations': '3'
	

                               +---------------+
----------------------------- { Components Used }  -----------------------------
                               +---------------+
	ONOS4
	ONOS2
	ONOS3
	ONOS1
	Cassandra1
	Cassandra2
	Cassandra3
	Cassandra4
	Zookeeper1
	Mininet1
	Mininet4


                              +--------+
---------------------------- { Topology }  ----------------------------
                              +--------+

	
	'ONOS4': 
	'connect_order': '9'
	 'password': None
	 'type': 'OnosCliDriver'
	 'host': '10.128.100.6'
	 'user': 'admin'
	
	 'ONOS2': 
	'connect_order': '7'
	 'password': None
	 'type': 'OnosCliDriver'
	 'host': '10.128.100.4'
	 'user': 'admin'
	
	 'ONOS3': 
	'connect_order': '8'
	 'password': None
	 'type': 'OnosCliDriver'
	 'host': '10.128.100.5'
	 'user': 'admin'
	
	 'ONOS1': 
	'connect_order': '6'
	 'password': None
	 'type': 'OnosCliDriver'
	 'host': '10.128.100.1'
	 'user': 'admin'
	
	 'Cassandra1': 
	'connect_order': '2'
	 'password': None
	 'type': 'CassandraCliDriver'
	 'host': '10.128.100.1'
	 'user': 'admin'
	
	 'Cassandra2': 
	'connect_order': '3'
	 'password': None
	 'type': 'CassandraCliDriver'
	 'host': '10.128.100.4'
	 'user': 'admin'
	
	 'Cassandra3': 
	'connect_order': '4'
	 'password': None
	 'type': 'CassandraCliDriver'
	 'host': '10.128.100.5'
	 'user': 'admin'
	
	 'Cassandra4': 
	'connect_order': '5'
	 'password': None
	 'type': 'CassandraCliDriver'
	 'host': '10.128.100.6'
	 'user': 'admin'
	
	 'Zookeeper1': 
	'connect_order': '1'
	 'password': None
	 'type': 'ZookeeperCliDriver'
	 'host': '10.128.100.1'
	 'user': 'admin'
	
	 'Mininet1': 
	'connect_order': '10'
	 'host': '10.128.100.11'
	 'user': 'admin'
	 'COMPONENTS': 
	'arg1': '--custom ~/mininet/custom/topo-onos4node.py'
	 'arg2': '--topo mytopo --arp'
	 'controller': 'remote'
	
	 'password': None
	 'type': 'MininetCliDriver'
	
	 'Mininet4': 
	'connect_order': '11'
	 'password': None
	 'type': 'RemoteMininetDriver'
	 'host': '10.128.100.11'
	 'user': 'admin'
	
	
------------------------------------------------------------

******************************
 CASE INIT 
******************************

******************************
 Result summary for Testcase1
******************************

[REPORT] [21 Nov 2013 16:34:51] COMMIT: 
67174b8f2ccab135db02699ccdfc59e082b65490
]0;admin@autoONOS1: ~admin@autoONOS1:~$
[REPORT] [21 Nov 2013 16:34:51] Startup check Zookeeper1, Cassandra1, and ONOS1 connections
*****************************
 Result: Pass 
*****************************

******************************
 Result summary for Testcase2
******************************

[REPORT] [21 Nov 2013 16:36:59] Check if MN switches exist
*****************************
 Result: Pass 
*****************************

******************************
 Result summary for Testcase3
******************************

[REPORT] [21 Nov 2013 16:37:37] checking if ONOS sees the right topo...
*****************************
 Result: Pass 
*****************************

******************************
 Result summary for Testcase4
******************************

[REPORT] [21 Nov 2013 16:37:49] Deleting and adding flows
[REPORT] [21 Nov 2013 16:38:13] checking if ONOS sees the right topo...
*****************************
 Result: Pass 
*****************************

******************************
 Result summary for Testcase5
******************************

[REPORT] [21 Nov 2013 16:38:23] Testing a single ping
*****************************
 Result: Pass 
*****************************

******************************
 Result summary for Testcase6
******************************

[REPORT] [21 Nov 2013 16:38:24] Starting continuous ping, then toggle a single link in the center triangle
*****************************
 Result: Pass 
*****************************

******************************
 Result summary for Testcase7
******************************

[REPORT] [21 Nov 2013 16:44:32] Process ping data (Fail is time is >20 seconds)
[REPORT] [21 Nov 2013 16:44:35] Flow 1  
  3
  2
  3
Flow 2  
  2
  2
  3
Flow 3  
  3
  2
Flow 4  
  3
  2
  2
Flow 5  
  3
  2
  3
Flow 6  
  3
  2
  3
Flow 7  
  2
  2
  3
Flow 8  
  3
  2
Flow 9  
  3
  2
  2
Flow 10  
  3
  2
  2
Average: 2
 seconds
*****************************
 Result: Pass 
*****************************

******************************
 Result summary for Testcase4
******************************

[REPORT] [21 Nov 2013 16:44:35] Deleting and adding flows
[REPORT] [21 Nov 2013 16:44:57] checking if ONOS sees the right topo...
*****************************
 Result: Pass 
*****************************

******************************
 Result summary for Testcase8
******************************

[REPORT] [21 Nov 2013 16:45:06] Start continuous pings, then toggle multiple links in center triangle
*****************************
 Result: Pass 
*****************************

******************************
 Result summary for Testcase7
******************************

[REPORT] [21 Nov 2013 16:51:52] Process ping data (Fail is time is >20 seconds)
[REPORT] [21 Nov 2013 16:51:55] Flow 1  
  2
  2
  9
  9
Flow 2  
  3
  2
  10
  8
Flow 3  
  2
  2
  10
  8
Flow 4  
  2
  2
  9
  8
Flow 5  
  2
  2
  9
  9
Flow 6  
  2
  2
  10
  8
Flow 7  
  2
  2
  10
  8
Flow 8  
  2
  2
  10
  8
Flow 9  
  2
  2
  9
  8
Flow 10  
  2
  2
  9
  8
Average: 5
 seconds
*****************************
 Result: Pass 
*****************************

******************************
 Result summary for Testcase4
******************************

[REPORT] [21 Nov 2013 16:51:55] Deleting and adding flows
[REPORT] [21 Nov 2013 16:52:14] checking if ONOS sees the right topo...
*****************************
 Result: Pass 
*****************************

******************************
 Result summary for Testcase9
******************************

[REPORT] [21 Nov 2013 16:52:23] Start continuous pings, then toggle one link in center triangle and start/stop 1 ONOS node
*****************************
 Result: Pass 
*****************************

******************************
 Result summary for Testcase7
******************************

[REPORT] [21 Nov 2013 16:58:14] Process ping data (Fail is time is >20 seconds)
[REPORT] [21 Nov 2013 16:58:17] Flow 1  
  2
  2
Flow 2  
  2
  2
Flow 3  
  2
  2
  2
Flow 4  
  2
  2
  2
Flow 5  
  2
  2
Flow 6  
  2
  2
Flow 7  
  2
  2
Flow 8  
  2
  2
  2
Flow 9  
  2
  2
  2
Flow 10  
  2
  2
Average: 2
 seconds
*****************************
 Result: Pass 
*****************************


*************************************
	Test Execution Summary

************************************* 

 Test Start           : 21 Nov 2013 16:32:28
 Test End             : 21 Nov 2013 16:58:17
 Execution Time       : 0:25:48.427015
 Total tests planned  : 9
 Total tests RUN      : 13
 Total Pass           : 13
 Total Fail           : 0
 Total No Result      : 0
 Success Percentage   : 100%
 Execution Result     : 144%